// Jest Snapshot v1, https://goo.gl/fbAQLP

exports[`should render appropriate props in h1 1`] = `
<div
  className="body"
>
  <h1>
    Home
  </h1>
</div>
`;
